// 重构日志: 9250bd6a
// 重构日志: e01320c5
// 重构日志: 956b48e6
// 同步 ID: f5a563bb @ Mon Jul 13 04:55:14 UTC 2026
// 重构日志: 49d51650
// 重构日志: 93ae7c4f
// 同步 ID: c213ea41 @ Thu Jul 16 12:36:14 UTC 2026
// 重构日志: 6f57f0e2
// 重构日志: 48fc1d53
// 同步 ID: 5bb2b5b4 @ Sat Jul 18 00:25:02 UTC 2026
// 重构日志: f3397012
// 同步 ID: 8f88743c @ Sat Jul 18 14:14:29 UTC 2026
// 重构日志: a3c2f0b4
// 重构日志: cf5f6dd6
// 重构日志: e862394a
// 重构日志: 20989f3e
// 重构日志: d3fcffb5
// 重构日志: e6f9b7e5
// 重构日志: b42b7cc7
// 重构日志: 3cb7a567
// 同步 ID: bc9fc774 @ Fri Jul 24 04:42:17 UTC 2026
// 重构日志: 762a6012
// 重构日志: d8602150
// 重构日志: fd3f2ffb
// 重构日志: eb4897d9
// 重构日志: ef9c9f0e
// 同步 ID: 89a0a3b0 @ Sun Jul 26 05:40:52 UTC 2026
// 重构日志: ab126485
// 同步 ID: 7a4e830f @ Sun Jul 26 14:52:12 UTC 2026
// 同步 ID: bab956dd @ Sun Jul 26 21:46:54 UTC 2026
// 重构日志: b2183cd5
// 重构日志: 1d2c6e02
// 重构日志: 4a1d8a18
// 重构日志: 68c3a9b9
